f(pow(minus(minus,x(baz(a(plus(b,9),y(plus(y,plus),mult(b(b(minus(x(9,x),baz(4,y(y(x(minus(12,baz),12),pow(pow,x(minus(pow(b(13,x(f,27)),b(plus(19,27),33)),mult),13))),y(19,12)))),plus(y(plus(19,x(mult(baz(27,plus(y(mult(27,b(36,19)),12),12)),36),a(minus(12,baz(x(12,minus(27,baz(12,33))),36)),mult(x(pow(baz(mult(19,36),a(4,a)),f(f(pow(minus(plus(b(mult(mult(b(4,25),4),baz(x(plus(pow(pow(27,27),33),19),9),y(60,minus(9,36)))),plus(mult(27,baz(y(25,minus(mult(x(plus(4,4),x(x(pow(9,19),b(baz(36,27),12)),33)),mult(12,13)),plus(f(4,12),b(13,9)))),plus(12,x(x(19,y(plus(25,19),9)),25)))),y(a(36,x(pow(a(plus(plus(27,36),13),f(19,60)),25),12)),36))),4),b(19,9)),33),9),13)),plus(minus(minus(a(33,minus(baz(19,pow(baz(y(plus(f(4,y(60,19)),mult(y(plus(b(19,pow(36,y(b(19,f(x(9,minus(36,b(plus(4,baz(f(f(33,36),13),33)),a(60,x(mult(13,12),y(b(33,19),13)))))),36)),mult(12,4)))),pow(pow(19,12),y(plus(y(25,a(33,pow(13,36))),33),f(baz(plus(a(25,4),9),plus(9,minus(27,plus(f(60,19),minus(a(f(y(4,36),minus(4,60)),19),33))))),36)))),b(9,60)),9)),33),a(baz(baz(y(19,27),4),a(36,a(25,pow(13,9)))),b(4,mult(4,9)))),60)),x(b(a(13,13),plus(12,9)),4))),19),25),25)),pow(a(mult(a(plus(36,mult(a(pow(plus(60,pow(27,f(mult(12,12),33))),x(a(b(12,25),plus(y(b(25,mult(plus(87,plus(33,27)),plus(19,pow(x(plus(12,x(12,12)),27),33)))),9),33)),minus(13,174))),x(baz(mult(9,y(36,a(x(pow(33,x(baz(9,33),9)),27),33))),36),33)),y(plus(plus(x(mult(36,mult(baz(33,pow(33,y(4,33))),f(12,60))),y(baz(12,27),4)),33),12),19))),plus(x(x(minus(25,pow(36,b(9,b(b(b(baz(60,b(19,baz(f(minus(13,12),18),9))),b(a(mult(25,plus(4,x(b(9,19),pow(b(12,13),a(13,y(x(4,33),27)))))),13),b(f(19,x(pow(60,36),pow(19,plus(36,pow(60,f(4,mult(x(mult(baz(25,pow(36,plus(pow(36,f(x(y(x(pow(27,9),mult(27,f(baz(33,33),mult(33,25)))),mult(84,12)),x(19,33)),x(60,19))),27))),f(pow(13,mult(x(60,13),x(f(x(y(25,x(36,12)),minus(12,36)),12),19))),60)),pow(baz(13,f(27,36)),y(a(25,a(mult(mult(60,13),pow(x(y(13,33),13),f(baz(4,b(b(f(27,baz(4,b(19,27))),y(12,mult(y(a(baz(a(mult(19,f(pow(pow(b(plus(27,4),25),60),x(25,4)),60)),4),b(13,x(a(27,mult(13,27)),12))),x(13,x(f(b(plus(13,baz(mult(b(9,25),x(12,minus(13,x(12,9)))),12)),13),pow(baz(plus(b(13,4),13),60),60)),9))),minus(19,y(plus(mult(baz(minus(pow(baz(9,13),27),x(mult(mult(pow(minus(y(19,pow(minus(plus(27,33),33),a(36,36))),27),60),b(x(a(pow(36,9),a(plus(plus(a(pow(plus(y(27,60),27),18),plus(27,x(x(60,mult(f(minus(36,36),9),f(x(19,x(27,x(25,33))),60))),baz(60,mult(mult(12,b(x(60,minus(25,4)),4)),12))))),36),13),33)),4),baz(pow(a(33,f(b(60,27),pow(9,60))),pow(19,25)),13))),60),minus(x(19,25),36))),36),baz(9,x(25,19))),33),60))),33))),f(a(minus(b(x(60,minus(19,25)),4),36),a(f(a(19,27),pow(pow(a(27,27),b(a(9,60),y(12,27))),4)),33)),4))),f(385,27)))),plus(27,minus(9,25)))),x(mult(4,b(19,f(y(b(12,36),pow(25,60)),plus(33,12)))),33)))),4))))))),plus(mult(25,b(y(plus(plus(minus(60,minus(baz(b(plus(60,b(351,25)),9),y(27,390)),27)),13),baz(x(36,19),pow(mult(36,x(60,b(27,a(25,27)))),b(b(y(25,mult(a(13,baz(mult(13,baz(4,27)),25)),minus(a(27,pow(mult(b(minus(9,9),19),4),36)),mult(y(25,minus(y(plus(f(mult(36,f(25,y(25,9))),9),12),mult(x(4,27),minus(19,b(60,plus(minus(36,b(33,minus(a(60,baz(36,baz(13,60))),9))),36))))),mult(13,25))),36)))),a(baz(9,a(f(x(mult(27,60),33),19),36)),pow(4,baz(27,33)))),mult(33,27))))),19),12)),pow(4,plus(x(f(19,33),25),baz(mult(b(mult(27,b(9,minus(mult(4,60),baz(36,b(4,60))))),4),9),minus(25,13)))))))),y(mult(b(4,b(9,4)),9),mult(60,mult(minus(plus(f(pow(b(y(a(25,13),9),19),9),b(27,25)),27),plus(36,33)),plus(36,b(60,12)))))),27)))),b(b(19,x(60,9)),25)),plus(plus(27,9),y(b(25,a(x(mult(b(12,9),f(plus(4,27),33)),9),19)),minus(plus(minus(33,f(60,12)),13),f(19,13))))),9)),13),mult(19,33)),25))))),y(mult(pow(f(25,mult(13,plus(f(mult(4,27),60),33))),a(27,13)),13),13)),19)),y(y(33,36),36)),pow(pow(minus(plus(b(36,pow(13,b(baz(19,36),9))),b(19,baz(a(y(60,a(baz(plus(60,25),mult(pow(25,27),baz(y(36,f(33,minus(x(plus(b(33,plus(9,13)),plus(33,13)),12),b(27,19)))),13))),baz(plus(60,12),36))),mult(b(a(f(60,b(x(25,b(25,x(y(12,9),x(pow(25,b(25,mult(27,36))),25)))),x(minus(13,y(4,19)),pow(b(4,mult(mult(9,36),plus(y(25,b(12,f(pow(9,x(27,60)),y(33,9)))),13))),a(12,13))))),pow(33,33)),4),pow(mult(27,plus(9,33)),x(12,36)))),9))),pow(baz(a(b(9,f(36,385)),36),4),plus(y(minus(a(295,25),y(33,x(4,f(36,4)))),4),x(pow(13,13),25)))),13),a(minus(9,b(mult(f(36,x(f(12,19),a(y(minus(9,33),168),mult(baz(b(baz(x(4,x(y(9,4),27)),b(12,12)),9),36),y(y(27,9),36))))),4),33)),pow(mult(33,36),x(19,plus(36,36)))))))),4),36)),12),12)
mult(baz(x(minus(mult,minus(y(baz(x(mult(a,y(x,b)),11),y(14,5)),baz),16)),14),a(pow(11,13),b(f(11,mult(baz(y,mult(pow(13,a(plus(minus,mult(f,plus(28,x(16,x(x(b(28,pow(a(14,14),pow)),11),16))))),y(y(16,16),x(b(16,baz(14,x(a(28,28),mult(14,f(a(plus,49),30))))),38)))),5)),y(f(16,y(b(minus(11,x(b(16,11),mult(14,pow(49,baz(a(minus(13,y(5,plus(14,11))),14),23))))),5),30)),23))),minus(a(baz(23,13),minus(16,13)),f(49,30))))),x(minus(5,f(pow(b(f(11,14),38),28),plus(plus(23,b(38,f(23,baz(y(14,b(minus(14,b(28,x(49,a(pow(baz(f(y(b(38,49),16),16),13),pow(pow(y(13,baz(pow(5,plus(14,b(13,38))),f(x(28,baz(b(16,38),b(38,13))),14))),f(a(plus(b(11,28),a(y(49,28),5)),38),f(5,30))),y(f(pow(28,16),30),13))),13)))),pow(16,16))),a(minus(f(a(11,11),38),f(13,y(16,28))),y(mult(13,baz(plus(b(f(x(b(49,49),a(pow(pow(23,16),23),13)),49),baz(plus(mult(5,38),baz(16,plus(plus(minus(28,baz(f(plus(49,11),28),11)),49),x(y(a(baz(38,16),y(13,38)),5),38)))),28)),mult(y(49,mult(x(y(a(plus(minus(a(11,pow(f(b(x(f(mult(minus(minus(a(b(mult(30,a(pow(y(28,49),pow(pow(23,5),plus(5,plus(16,16)))),y(plus(11,y(plus(5,16),y(23,5))),mult(11,13)))),minus(11,b(a(plus(13,a(minus(a(plus(baz(f(plus(38,a(13,38)),x(x(23,16),pow(y(23,11),23))),plus(b(plus(38,mult(101,mult(13,y(16,14)))),30),49)),11),pow(baz(49,b(5,14)),pow(baz(11,23),baz(14,28)))),11),b(pow(13,minus(38,x(23,mult(a(11,5),13)))),11))),30),baz(14,plus(minus(a(49,14),baz(5,30)),28))))),28),b(x(minus(x(baz(y(baz(11,16),f(plus(38,30),plus(minus(112,13),a(16,minus(plus(30,5),a(a(49,11),x(plus(38,plus(b(5,pow(minus(a(minus(11,pow(baz(a(a(x(minus(x(baz(28,minus(23,plus(mult(30,minus(13,28)),5))),11),23),28),plus(16,28)),13),b(13,49)),minus(13,11))),23),plus(x(x(11,x(y(49,38),pow(plus(y(plus(28,a(x(23,y(38,38)),14)),baz(38,mult(plus(x(a(30,38),baz(plus(38,pow(pow(baz(mult(f(13,38),5),23),30),plus(49,30))),14)),13),30))),14),minus(minus(13,b(baz(56,y(28,f(30,mult(a(x(5,5),b(f(14,b(a(y(f(y(16,b(13,16)),5),minus(5,281)),pow(y(16,a(28,minus(14,y(11,13)))),30)),48)),mult(mult(a(minus(a(a(16,f(b(5,49),f(plus(plus(11,mult(f(38,a(13,13)),16)),pow(b(f(5,23),11),11)),pow(23,minus(mult(baz(49,plus(a(14,plus(plus(11,plus(14,38)),f(28,38))),11)),mult(plus(16,23),minus(5,f(a(14,y(pow(38,28),16)),baz(baz(28,pow(14,b(a(338,x(y(plus(pow(f(minus(30,16),16),pow(30,38)),b(11,30)),5),5)),23))),23))))),28))))),minus(16,11)),x(14,14)),mult(14,pow(30,b(a(38,14),13)))),14),13))),5)))),f(f(plus(mult(x(5,333),a(14,x(baz(b(b(mult(30,x(23,30)),11),y(y(pow(x(23,baz(x(a(f(y(b(38,5),pow(x(16,14),y(38,plus(baz(38,pow(x(pow(baz(49,a(y(28,28),23)),5),mult(f(5,38),5)),13)),b(14,b(plus(38,b(baz(pow(23,a(5,a(b(49,mult(5,14)),23))),14),16)),minus(x(38,5),28))))))),28),38),x(plus(5,5),b(23,30))),14)),13),plus(28,mult(28,30))),y(38,a(mult(plus(49,38),f(11,f(y(b(mult(5,13),5),baz(28,23)),b(28,16)))),plus(16,14))))),13),23))),minus(baz(30,pow(28,baz(38,mult(mult(28,16),b(16,13))))),b(b(11,baz(plus(pow(minus(x(mult(28,5),a(38,16)),28),28),minus(23,28)),x(38,plus(30,13)))),minus(minus(11,b(14,a(49,23))),y(mult(a(y(pow(minus(13,49),a(5,y(x(14,11),38))),y(mult(23,30),38)),mult(23,14)),plus(13,14)),y(y(23,28),28)))))),a(38,y(49,y(minus(y(23,f(11,11)),38),x(plus(a(30,49),16),y(14,13)))))),plus(plus(b(y(y(a(38,a(30,14)),plus(48,5)),49),23),minus(y(14,mult(11,16)),28)),pow(pow(13,a(11,pow(13,minus(16,minus(14,minus(plus(38,plus(14,14)),baz(16,28))))))),5))))),mult(f(28,a(14,28)),49))))),56),a(38,23))),38)),13)),baz(13,49)))))))),28),5),38),b(11,13)),f(baz(49,a(13,x(plus(30,x(mult(23,38),f(a(y(16,5),13),5))),pow(11,plus(5,pow(49,f(pow(mult(11,14),49),mult(b(y(16,49),38),13)))))))),x(28,b(plus(13,38),minus(b(baz(30,14),16),11)))))),f(30,14)),a(mult(14,baz(pow(x(baz(b(pow(plus(16,mult(11,49)),baz(28,13)),x(28,baz(pow(30,baz(14,y(49,49))),a(11,30)))),5),x(13,pow(mult(14,y(14,y(5,b(49,baz(28,14))))),13))),30),f(x(f(14,49),23),23))),30)),16),x(b(y(minus(baz(13,11),pow(23,11)),38),f(16,11)),minus(5,16))),28),38),11)),x(13,38)),baz(mult(plus(28,49),y(30,16)),11)),mult(mult(mult(minus(30,28),y(a(5,x(b(23,5),pow(x(5,minus(baz(plus(x(plus(16,minus(49,x(y(y(28,30),16),minus(14,13)))),plus(28,16)),minus(b(23,11),16)),b(b(baz(49,11),5),16)),minus(11,baz(11,x(30,5))))),23))),23)),30),30)),11),y(49,f(13,16))),baz(y(a(y(y(y(minus(y(5,16),pow(b(plus(30,y(plus(b(30,16),16),mult(14,23))),pow(30,14)),x(13,11))),38),11),570),28),13),baz(plus(minus(23,mult(b(x(28,13),baz(a(b(23,plus(11,y(14,38))),30),30)),28)),38),16)))),23)),pow(x(205,pow(plus(30,f(f(13,14),11)),30)),y(plus(y(14,23),49),b(plus(11,a(x(16,23),pow(y(baz(38,14),5),11))),x(49,23)))))),baz(23,476))))))),b(11,14)))),mult(28,b(13,mult(11,5)))))
f(x(baz(baz,x),f(baz(y(b,minus),plus),9)),f(b(baz(x(mult(b(y(y,plus(baz(plus(mult,a(plus(5,x(baz(f,a),pow(19,23))),4)),mult(10,plus(x(x(4,pow(10,baz(29,y(f(19,28),minus(19,f(4,y(29,9))))))),b(11,29)),19))),y(28,a(minus(a(19,x(5,f(pow(4,mult(28,y(29,28))),29))),plus(29,23)),pow(4,a(9,b(f(plus(f(29,f(plus(a(f(x(mult(baz(minus(pow,mult(19,minus(minus(10,b(f(29,28),pow(23,67))),23))),29),y(4,5)),4),10),28),b(pow(plus(plus(28,minus(mult(mult(f(23,plus(b(9,a(y(28,11),plus(plus(plus(pow(baz(19,x(4,29)),11),a(mult(mult(mult(f(52,4),a(5,baz(f(28,10),minus(5,19)))),9),b(5,10)),mult(y(67,28),11))),minus(mult(b(b(28,29),pow(minus(baz(10,mult(pow(baz(19,minus(5,f(67,29))),5),b(f(9,b(b(5,4),minus(67,5))),pow(a(plus(9,5),67),5)))),67),29)),a(pow(9,4),4)),mult(f(29,minus(pow(y(19,f(y(28,4),mult(4,y(y(mult(pow(b(9,4),19),plus(4,67)),29),28)))),plus(4,f(mult(28,plus(4,x(b(plus(baz(29,a(b(a(11,10),5),67)),67),x(y(5,y(a(23,baz(28,28)),23)),b(9,28))),baz(10,minus(f(29,x(b(28,mult(minus(4,y(y(67,mult(mult(23,10),y(29,67))),29)),a(67,plus(x(19,pow(a(x(11,9),y(mult(4,10),plus(29,x(67,28)))),minus(minus(19,pow(28,mult(19,plus(y(4,y(mult(29,10),b(5,y(19,y(a(minus(11,mult(x(23,y(10,mult(f(y(y(a(19,67),minus(11,b(10,b(y(b(29,b(4,minus(19,4))),pow(23,4)),67)))),plus(b(a(9,4),a(28,9)),pow(5,11))),minus(4,4)),f(29,23)))),plus(mult(f(29,plus(19,minus(9,9))),67),10))),10),mult(x(11,28),y(29,4))))))),29)))),mult(4,a(y(b(pow(28,28),x(28,4)),67),minus(9,plus(5,19))))))),67)))),29)),10))))),19))),11)),10))),29))),28)),y(baz(4,baz(5,11)),baz(minus(plus(9,pow(a(y(pow(plus(plus(b(28,a(4,29)),x(9,10)),10),y(y(y(5,67),28),baz(pow(28,67),5))),x(f(mult(23,19),y(9,baz(f(a(y(minus(4,11),minus(86,f(mult(mult(9,23),minus(x(9,y(4,10)),9)),19))),28),f(19,9)),pow(minus(28,minus(y(4,b(19,plus(67,f(67,a(19,11))))),baz(10,pow(minus(minus(b(67,b(mult(pow(x(y(b(plus(5,4),f(plus(baz(10,f(9,x(28,mult(pow(67,y(29,pow(11,67))),b(9,y(x(a(mult(y(f(10,f(plus(b(4,baz(pow(5,28),9)),4),baz(29,10))),23),plus(28,minus(plus(29,plus(19,plus(67,10))),f(19,11)))),a(y(11,67),9)),plus(19,plus(minus(5,5),f(10,4)))),mult(29,23))))))),baz(a(y(5,baz(y(a(28,23),28),11)),y(minus(mult(b(4,28),pow(23,28)),67),plus(19,pow(10,9)))),10)),9)),a(29,28)),67),plus(9,b(10,28))),67),y(b(minus(67,a(220,11)),19),mult(29,y(9,5))))),x(f(f(5,mult(5,baz(a(28,baz(4,a(19,b(baz(b(29,11),10),10)))),x(67,minus(minus(baz(x(plus(baz(28,19),9),4),f(9,y(minus(x(67,b(plus(5,9),5)),9),y(4,pow(x(29,minus(29,4)),baz(9,234)))))),x(67,minus(y(4,f(pow(29,pow(baz(plus(y(b(28,plus(x(b(11,y(10,minus(a(19,pow(baz(a(y(28,mult(28,plus(4,19))),11),mult(4,67)),29)),f(11,11)))),minus(x(11,mult(f(plus(baz(baz(11,pow(9,x(11,19))),y(11,29)),5),minus(plus(x(29,345),9),a(plus(23,f(29,mult(baz(28,11),23))),4))),10)),11)),29)),plus(mult(baz(a(67,4),b(y(11,x(10,5)),28)),10),baz(9,baz(y(67,x(b(5,f(b(b(b(y(5,29),5),f(19,29)),11),mult(minus(19,11),a(28,67)))),b(10,4))),10)))),9),309),a(5,plus(a(f(y(mult(b(y(baz(10,23),9),11),28),baz(23,23)),11),19),29)))),11)),a(x(23,mult(5,pow(b(23,minus(mult(4,b(28,a(baz(23,f(67,b(pow(f(11,a(67,pow(5,f(a(28,pow(x(b(67,b(plus(19,b(x(y(mult(5,4),28),9),52)),19)),10),4)),baz(minus(baz(11,19),5),9))))),y(a(y(28,b(y(baz(y(f(mult(4,pow(plus(minus(baz(23,5),11),mult(29,y(a(pow(a(b(f(29,4),67),baz(5,minus(11,28))),pow(plus(19,4),pow(pow(plus(264,x(11,4)),67),minus(pow(10,10),plus(29,mult(11,19)))))),4),23))),baz(minus(28,pow(pow(4,9),28)),29))),5),29),5),x(29,9)),4)),b(9,9)),pow(19,10))),minus(5,28)))),67))),5)),baz(9,10)))),67)))),67))))),pow(minus(28,mult(mult(4,pow(mult(29,9),pow(y(y(pow(y(x(11,plus(234,10)),19),23),19),plus(mult(4,mult(67,b(f(10,516),28))),9)),19))),10)),pow(4,pow(28,x(plus(67,11),28))))),x(pow(x(x(23,23),11),plus(pow(28,29),4)),plus(x(f(plus(mult(minus(23,b(67,23)),29),28),b(11,23)),19),4)))),11),a(10,pow(baz(28,23),x(10,x(10,y(a(pow(11,a(4,baz(11,minus(5,10)))),baz(5,4)),b(mult(28,29),10)))))))))),67)))),f(5,67))),10),11)),29),baz(67,67)))),a(28,b(f(23,f(baz(x(67,19),f(28,29)),pow(plus(321,5),19))),23))),11)),x(pow(28,11),4)),f(29,9)),29)),4)),28),baz(67,y(67,11))),pow(29,plus(pow(23,10),f(5,b(9,23))))))))))),10),9),19),x(y(plus(y(plus(67,a(a(x(5,67),9),23)),28),a(plus(f(a(mult(19,baz(67,10)),baz(x(x(f(4,29),y(mult(28,5),23)),plus(x(9,y(11,a(minus(4,f(29,10)),a(11,19)))),9)),4)),x(558,pow(9,pow(x(19,10),11)))),67),67)),11),4)),plus(y(y(a(minus(19,mult(x(pow(11,mult(a(4,5),29)),10),pow(29,plus(minus(9,5),pow(4,4))))),28),f(baz(x(23,minus(x(19,23),9)),23),23)),29),4)),baz(11,pow(5,f(23,b(11,4))))))
bifo(bras,omj(bhbf(dwhg(rhw(dioq(eakz,bwzv(gkp(akx,aaky(dfke(yzh(cprj,ditb),efgv),behm(dcde(ltw(emzn,zof(cumr,djrs(ait,dbes(fri,btcx)))),drqt),ehrt))),cqjf)),axda(czfp(chhn(adff(doye,dmmv),anco(aupt,dtmk(dtf(ktl(zqu,emwa(edwc,bmxv(dlff(cfhm,bunb),szg))),bghi),eafs(aknf(oni(dbyl,cmcf(amqf,aawf(duac,axtq))),crpe(qxg,dma(bura,bymp))),bbtd)))),ujc(ftn(eqkb(azyz(zth(bas(cdpg,cm),bahk(ardf(bhpt(dhep(fsq(zps,advq),cthh(dwbg(cmpi(xzi(aral,bnsy(achh,egpb)),eidt(eqpv,adk)),cvwd),eaxv)),bwoa(bozy,vhm)),bgf(dgqe(bizz,aclh(cdry,ckep(drmm,aqug))),dqbx(dujj(duug,clxb),gvs))),afwp)),bjba(aigq(cxjw,blzf(cdlp(axeo(atsa(ecxt(eknm,ebmj(efcb(dfce,chfg),axyi)),dhuk),cfwg),cvhk(csvi,bbyf)),ieu(aixu,blxh(eowo,bzsj(aotl(bhqb,dmu(bvm,ejgp)),nom(bdqa,cajc)))))),yci)),qrd(tee,dobs)),cwwp(igr(eohg,esc(bpwz,acoe(cigz(wbd,dgzl(dcvk,aum(azzn(bhto,ejxf),dklr(aptr,dmtu(btl(dpkj,sep(cbfv,fiw(vij(lgu,eqsb(agsu,csiv(cfbb(ahkc(djyn(cbpp(cyaf(altt,bfqm),ehd(awdv(borl(cxpc(sfl(decl(epgg,bti),eqao),djhc),cjyn(avzh,dnjx)),bybv),cpjo)),bhfw(dwes(dftj,amc),dbep(dajy,cbte(birt(arhm(eais(bdzq,duzr),ahmi(qpu(bmpf(enbv,astm(zuu,agqm(ufe(cord(cqh,ahdm),amqk),bpuw))),ctcr),bxoc)),dgua(dgnk(bkgd,bxrb),avpc(dvaf,dgia))),tck(eqpm(axxi(abwb(efuz(djbx,bgug),elky(phi(banz,amng),arnn(uej(epeb(cqdy(ala(cpwr(dwfx,ddhn),ckpb(bnpq(qpx,crnh(pea(eddp,rdv),azfe)),digu)),ekhz),czzd(gil(krg(bxiy(cxdm,enrk),dwee(cipq,pzw(dymj(epqb,cjid(baas(dciq,ark),crpl(borc,eelw))),cxjf(uhp(dhtb(cgje(cpac,dmfb),dnqd),btzn),bjcf(asbu(boom,dpvc(dhrk,adoh(antu,afka))),echl(dspa(cvkj,duqn),denj(eoph,cexo(dzie(dkiz,arnc),dheg)))))))),ley(agso,bodr(ebpt(dxvz,bpql),dtij(cwye(brdw(bifn,nem(cobo(eepq,emay(bnbi,blub)),bkn)),ctsj),afoy(bdbp,cgwm(clnn,bvlj)))))),cxtu)),dbxe(emhy,vmo)),aolk))),amah(dyzp,dwko(aqgt,ebkj))),ab),coqb))))),aipd(qxh(dyec,dod(nrg,dqr(bjfv(edi(emri,fgt(ljd(cwaj(dzcu,elvj),mmb(dqpw(adl(lbu,bxju),frc),bttq(dfvn,buhi))),byfi(pgw(bdgj(elrc(wan(cwiu,daar(wlq(amqz(cyux,ipb),bzif),kwm(bxux,agcv(epoz,kpi(mrd(cond(eiju(lyw,dpsh(qnk,dpxx(aaak(dqdi(agfw,dfih(ehqm(ahln,clzc(qs(aolr,chvw(llf,nya)),bmdo(bdoi,acsd))),bgaa(qha(osr(cdxb(akxu(kul,uhf),btas(cxvc,drf)),dkip(bebq,zbq)),czck(cysb,ctso(ccvb,cyqo))),cvuy(clpw(eehg(ckbk,bghd(cxqc(epwj,wui(avhf(avob(cdzm,brqq),akbq(ccak,bjep(bxjo(mbu(abnv(dyvw,bym(cumb(dnjj,aijh(cczu(off,ecdf),ddkw)),dyyx(cce,bbum))),ctwt),ziv(cdhp(cgow,chqf(eqel,wtt)),aqav(bqwp,birg(eiax(beel,bbre(bqbc,hfr)),ecgf(att,emiz(mlu(briu(asrx(lmd(pmr,aesd),azsh(tku,dwfs(durf,avcu(cbtq,bhpi)))),bevk),mus(dmnq,ceda)),cwaz(dtkf,bvod(axfu,opv)))))))),ehze))),cfqb)),cibn)),baa),cix)))),eimi),ssw))),aqjq),amih),cxrx(bvdw,bgso)))))),nhn),abgi),eqpj),ckho))),ayx(dkno(buxl,dfln(aiud,araw(eblm,afws))),boyx(cvmt(ugt,dvao(eoru(ajek,blom(lvv,tyf)),ayac)),btyw(bomx,akkq)))),anfu(rku(diki(cmom,nbn),aoaa(alrf(cdmy,zd(bfeh,atxg(bel(xtd(efso(enua(azga,doat(afms(bgtj,cqwa(afoz,cxxr(blfn(cntd(ecfu(erb,aozh),cond(aev,edxd(acwb,asy(asss(drgw(dfwc(uwy(cgtw(cezx,eqdy(bael,jpi)),egtf(dhho(cycr(bzys,ceqd(aamv,avoh(eqty(bkwo(mux,cpmx(cjaa,ddmv(aqhi,bvvb(dqhk,gut(awju,cluf))))),cdqf(cthd(zr(cetw(buof,czih),qtp(amer,csit)),ceqn(lkn,dplt(dwzb(cnoz,cuyw(bome,chkc(fxz(prj,atsq),btwr(aqef(qij(qqw,dbyk),dvzc(anyu,ddnw(hek,efcj(ura(bcyg(dvws(avvb,dvml(bmgf(ecvs,cfco),empd)),byno(agob,bffj(egyr(snm(deiw,bfnx(adpq(boo,boir),eeer(dkye(empg,bfvk),dgdu))),kke),cvcx))),alvm(dttl,eogm)),axwy(bdj,bffl))))),edaa)))),eakr(dcc(caen(eqqe,dgmb),oy(na(cbhv,bpnh),ajuq)),bqck)))),emss)),dtix(dcfm,dqon(jsf,xq))))),brlp),abcy)),cnig),iry(xzx,dpyp)),adon(cvfg(ahst(iig(dxig,cakm(epme(xvu,atqz(cykt(eaht(cekk(cnyw,kmx),eqoa(aaoc,cwyx(heb,ephi))),crhj),cswo)),czji(dtph(cgys,cbbk),dwbb(juq(cxyq,bkgw),cwgz(abij,aqis))))),dvku),bnk),aawf)),agyi)))),wyt(bcff,azmk)),cgci(eatc,buun)))),ckad(bpru,ckma(cqfa(dzve(yjk(edan,lmp),eihm(dyew,aqhg(dsgq(eqqe(bhxl,bhia),bghd),dcbp))),bmrc(bpeg,clkg(djzi(elia,pis),bysp))),ayry)))),atwu(tkc,dejc(cfwq(edxe,ellq(cfaq,qwl)),cjm))),bbae(crqc(brls,tyv),ccwt(ckew(liz(adby,hhw(nts,dgfg(bhnw,bokw(oss(cnpk(ehse,btwn),vte(bdxy(cwwc(afzy(desf,wni(bppe,dknn(ayds(ltr,bfqx(emzk(arhh,bcrq),dxjh(cbzb(bkfn,enjj(dzop(epxs,eaim(cdri,bjsq)),aroo(cujt,cmga))),tqf))),dvic(enoc(cefu,afs(dmdp(brwz,blko),aiat)),bybk(eebc,bdxg(bkkg,dbam)))))),dasw),xkn),bcoj)),ajde)))),ajjg(cafu(djwr,729),atjh)),lpt))),nav),ahhb))),eemc(afzw(dxzb,pim),chxm(becp(dkzz(vtw(egkh,bikr),dbgm(cqyz(bbow,dlbd),ywk)),ajrq),dbp(ctwn,dhuc(ubr,pil)))))),bcap(szs,dgzj))))),brob(dzjx(bjav,qzx(bvgq(esw(bir(buxy(foi(eevc,azta(cazx,ddym(dhxh,bmpd))),gmg(elif,ejum(dbjw(ay(annn(chvu(ekct(cbrc,ats),oas),odw(auql,czro(rpi(ids,eev(beio,ctse(dinz,doym))),423))),cjlw),ccac),crkr(edby,dgfp(ecie,epym))))),cgur(curt(dycc(dhvp,denm),chqq),cbcf(qgb(alsg,csap(auol,xmr(dlwk(cocm,ancb),bndx))),dxbu))),cume),aowx(ejnc(xn,btsn),emkb)),ogz)),ejcg))),bgap(daad,encj(alte(adaa(bnxq(eoip,cmzw(vtq(bbdk(drfy,dfkd),dhbj),alzi)),cdai),ctll),ehnj(ism,cxzk)))),afpk))),cdfu))),ccwo))))),55))),eqwi(door,bhar))),edns(buzj(blth,mhm),auzf))),eitb(auiy,dhew))),ecny),aeft),bvke))
a(a(a(a(a,a(a(a(5,a(a(a(5,a(5,a(a(a(a(5,5),5),5),5))),16),5)),a(5,a(5,a(a(a(5,a(a(a(5,16),5),5)),16),5)))),a(a(a(5,a(a(16,16),a(29,a(16,a(a(a(29,a(29,a(a(a(23,24),5),a(a(a(a(a(a(16,a(a(a(5,a(a(5,a(5,15)),a(a(5,a(a(a(16,a(5,a(a(a(a(24,a(22,5)),13),a(5,29)),5))),a(16,23)),a(a(5,a(a(a(5,24),16),a(a(a(a(a(a(a(5,a(16,a(15,a(a(a(5,a(24,a(a(a(23,a(a(5,a(a(5,a(a(5,a(5,a(5,a(5,a(15,a(a(a(a(a(a(5,a(a(16,68),5)),24),5),24),a(68,a(a(a(5,a(16,a(a(a(a(5,a(a(15,a(a(a(5,a(68,5)),5),a(5,a(a(5,a(5,a(a(15,a(5,a(a(5,a(a(5,a(5,a(15,a(a(5,68),29)))),16)),16))),5))),5)))),5)),16),5),a(5,14)))),a(5,a(5,a(a(a(a(5,a(a(a(a(a(117,16),5),a(16,a(5,a(16,a(15,16))))),5),5)),5),5),23)))),50))),5)))))),23)),a(a(5,a(a(16,102),5)),16))),16)),16),a(a(a(a(a(a(5,a(29,a(a(16,24),68))),5),68),5),5),5)))),5),5)))),a(a(5,a(16,a(a(a(5,132),a(5,a(a(5,a(16,a(5,23))),5))),a(a(a(5,a(29,24)),a(5,a(5,a(a(a(5,a(a(24,16),5)),a(a(5,a(a(a(a(a(5,49),16),5),16),5)),5)),50)))),a(5,161))))),5)),a(a(172,5),5)),a(16,a(a(a(a(5,a(5,a(16,a(a(24,a(a(14,29),5)),a(171,5))))),5),a(a(24,a(5,a(a(50,5),5))),a(a(16,15),5))),5))),a(5,a(a(5,a(a(15,a(a(5,a(5,a(5,a(15,a(a(5,a(5,210)),16))))),16)),a(a(a(5,a(a(16,a(5,a(a(a(a(a(148,5),23),16),5),15))),16)),a(a(a(5,a(a(24,a(a(a(24,236),a(a(29,5),16)),5)),5)),a(a(5,a(a(a(5,a(a(16,a(a(5,167),a(a(16,a(a(a(24,a(5,a(a(a(5,a(68,49)),a(63,24)),16))),5),5)),5))),5)),a(a(a(5,a(24,a(a(a(5,a(24,50)),15),63))),a(a(a(5,a(212,a(62,5))),5),5)),16)),5)),24)),5)),23))),5))),a(13,5)),15))),a(16,a(5,a(a(210,a(a(133,5),5)),a(16,a(a(5,a(a(a(a(a(a(a(a(a(a(a(5,a(16,a(a(5,a(5,a(a(a(102,a(24,a(a(5,148),a(a(117,5),24)))),24),a(5,a(16,a(a(16,a(a(5,a(68,a(161,5))),50)),a(a(a(5,a(16,a(16,a(a(a(a(5,a(16,50)),24),5),a(a(a(5,a(a(24,24),5)),16),a(a(a(5,a(5,211)),a(5,a(a(63,15),a(5,a(5,a(a(5,a(a(5,a(a(16,a(a(a(a(a(5,a(a(5,a(a(183,24),a(5,a(a(5,a(5,a(176,5))),16)))),5)),5),a(a(a(a(23,16),5),5),5)),5),5)),5)),5)),a(5,a(13,68)))))))),5)))))),14),5))))))),5))),246),5),5),5),5),5),5),16),5),5)),183)))))))),16))),5),16)),16),a(5,a(5,a(a(16,a(a(23,15),5)),5)))),a(12,a(16,a(5,a(5,a(16,a(a(5,a(5,a(a(5,a(5,a(a(5,a(a(a(a(a(5,a(5,a(5,a(24,a(a(a(a(5,62),5),16),a(14,a(16,a(a(24,a(14,15)),16)))))))),5),a(5,a(a(5,a(a(a(15,a(a(5,a(a(a(15,a(a(a(a(5,a(16,29)),5),5),5)),a(5,a(a(5,a(a(5,a(a(a(49,5),a(a(24,a(a(5,a(5,a(5,a(16,a(a(a(a(5,a(5,183)),15),5),5))))),5)),16)),5)),5)),a(a(a(a(5,152),5),16),5)))),133)),5)),5),a(a(5,a(a(5,a(a(132,a(5,a(a(a(16,a(5,a(16,a(24,a(430,23))))),a(5,a(5,a(5,a(5,a(a(a(a(5,a(16,a(286,15))),212),5),5)))))),24))),a(a(5,a(a(a(a(50,49),5),a(a(a(16,a(a(5,a(a(115,210),5)),5)),5),16)),16)),5))),5)),5))),16))),5),5)),5))),5))),16))))))),132),16)))),29),29))))),5),24))),5),5),5)
