cior(afrz(fos,efdx(uep,drrd(cxq,gnk(ajya,dmop(brdd,bjfq(anki(dgfx,dmdj),dihy)))))),dyjw(acei,cieo))
mult(mult(minus,b(minus(a,a(baz(6,plus),y(baz(minus(y(3,9),f(mult,9)),y),16))),15)),pow)
x(x,pow(f(plus(b(y(plus(y,minus),pow),baz),9),b(y(y(plus,2),plus(2,f(x(b,12),mult))),10)),12))
epfu(dvzo,ejho(oyy,tkt(bozv(eohh(ahio(crhy(jag(btch,znt(czdc,ayab)),eayb),bsvv),cjpw),czkv),axex)))
hnx(cvlo,dqcs(aemi,wvl(dqrd(tti(djbh(ecu(epxc,cylt),crfj),dpgp),dook(dshs,boso(bpsp,ehyw))),abjn)))
