dzep(dygu(clqo,nyr(hwv(ivv(cwqt(aqmv(bwms(cfaa,bgko(arwe(kfq(wcu(bkrw(avwm(cunj(anow(aqsz(lfh(dkgj(bgqx,cmvv(rgd(dhtb,bwub(beay(djha,cjuo),ehdm)),ackw)),bhih),brng),dnle(dqwk,cohd)),dopp(ajad(cypd(cpjp,bwjz(eqsd,dwnr(dflz(sov,aokh),chde(ejoa,abzu(anvj,cjkp))))),ctam(ygj(cbio,cnww),cdno(dwab(cckg,ckwi),bghi(affm,aoqo(azdv(baxj(asij,beap(eedc,bahs(you,ajkz(arml,dnlj)))),ddjd(dreh,dhvi)),gbg(bior,dvic)))))),ddmn(cbov,bkck))),bcyl(qwy,dgwa)),bezh(ckou(djgq(bgrs(eife,asqz),blyy(awsc(cdkb(bac(dvpm(dxei(abdg(jir,asnf(ekpy(bvij(crsr(vyx,bmto(ctze(dvlo,dixl(ecba,aybq)),dczk)),alqw(akxp,ccee(chgh(dwwf,asgt),cudq(eimt(vns(chau(dykt,aezc(czsa(bcwb(czwz,zhp),blzo(aikj,dsel)),cjos)),mat(cpga,kdm(bmuq,wkm(sbx,afvh(pns(cwgc(bitc(abu,bsiy),cdct(dmua,anci)),akwr(anbz(edil(efbo,bqrc),eleu),bvkf(bjbh(kig(bynp,bmrc),bnfc(mcy,awmp)),axlu))),bzmk))))),kbo),abkg)))),aqfo),bbvo)),cifc),azmr(drah(ndi(cihg,cpuj(ctmt(bmt(ebkv(axbz,cusp),auyx(dppl,cenh)),afbd(aeii(dzda,dwwh(aclm(brhc(atrv(dlof(adr(aeeo(fcq,cbqm(cyv,asaq)),bdki),dpro),uqm(cbks,aygl)),emaq),eaib(abcp,iqo)),bkjh)),efnk(ovd,dfrw(epcp(eghw,cdmx),apj(dktc(bsbv,czhd(dsms,btpk)),bavp(ectj,duiq)))))),ldr(dbsg,dkvc))),xbg),cxob(basa,sf(eeix,adoa)))),dqa(buky,dzlw)),dpbw),dlmz),teo)),cqzc(ddta,cvuz(rcl(byyy(agst,dapk),epqw),ecyp(awvf,ksu)))),bvhz(dblv(ivf(edbg,blmu),dzme),eicq))),ajec),crqt(axnv,gxl)),qil),mir)),blpw(dlvh(dwkb(ygv(axhu,cgzd),sli(aedv(bjkf(biix,ayoj),cnr(ekjl,cffj(efln,tho(czgz(ajto,eqdw(agjv(bina,egtt(bfqs,csjs(ayjd,aubn(crpt,eok(coek(cbec(dxzr,bhyi),jei),chcp(hil,elcw)))))),dlmx(dkjz(bvge,ccyb),ejrt(bzbt(dwxs(awhq,dbxk),owo(ubw(bxas,yga),cnif(dcng,dnje(ehbu(eeir,aylv(efes(dkrp,byai),olz)),dads)))),cxwp)))),alaq(gyr,daeg))))),bkyh)),embt),avib)),cvnj),log),cmbq(pnc(efnq(egkn,abge(ejoj(eosm,plb),dbuo(eevi,cyfu))),bkvb),dmdg(cbvq(bhqm(dmak,iu(nis,czkl(atpc(cqv,eldz),bysg(ehpz(brct(tzn,mjd(jtv,elxd(defy,cmfb(diio,zsb)))),dbzm),hoa)))),bxur),cmkj(ayev,dzvi(dzmb,drdk))))),dsku)),yqu(angh(cijv(eoiu,cfzl),ceki(jed,djns)),bgwi))
minus(y,plus(plus,plus(2,b(y(mult(minus(pow,b),mult(y(4,y(pow(pow(pow(mult,x(f(pow(baz,10),x),baz(a(10,11),baz(baz(23,pow(plus(a,x(10,f)),4)),30)))),30),2),minus)),mult(mult(30,minus(b(mult(x(f(4,mult(18,pow(baz(18,18),mult(22,minus(f(30,b(y(2,18),10)),4))))),pow(4,4)),baz(2,a(b(22,b(18,minus(y(y(2,4),b(a(4,10),baz(y(f(minus(22,2),mult(33,30)),y(23,y(4,pow(b(pow(32,baz(18,y(f(32,a(33,b(plus(pow(f(pow(a(plus(18,pow(a(23,baz(pow(mult(10,4),48),33)),pow(pow(10,mult(baz(plus(f(30,f(a(2,4),2)),4),10),mult(10,30))),23))),f(f(23,pow(22,f(2,2))),plus(32,plus(baz(10,x(33,b(x(23,baz(f(23,plus(2,4)),plus(11,10))),23))),pow(32,pow(a(plus(30,minus(10,plus(mult(23,x(baz(22,x(18,33)),a(11,32))),f(33,plus(23,b(23,y(22,x(18,minus(11,11))))))))),23),33)))))),f(mult(32,x(22,baz(11,2))),10)),x(30,a(baz(x(11,x(b(33,32),y(32,106))),baz(4,23)),b(11,22)))),a(2,10)),mult(mult(mult(11,33),pow(22,plus(mult(f(4,a(plus(10,f(33,22)),minus(baz(2,y(22,18)),x(mult(18,22),33)))),4),a(30,23)))),22)),mult(b(23,minus(a(30,b(baz(23,f(18,18)),4)),11)),x(23,10))))),30))),2),pow(minus(baz(mult(4,pow(11,30)),33),baz(y(18,32),b(33,f(mult(18,10),plus(pow(x(plus(b(2,a(32,11)),f(y(plus(a(minus(33,minus(plus(23,2),4)),32),baz(minus(48,2),minus(x(y(mult(32,baz(f(10,23),33)),f(pow(33,pow(10,4)),a(22,4))),10),b(18,10)))),22),a(b(23,a(y(33,32),mult(x(30,11),minus(2,18)))),pow(b(x(x(f(18,11),22),b(22,10)),11),4)))),23),minus(x(y(22,baz(10,23)),33),33)),30))))),y(10,11)))))),b(minus(plus(minus(baz(30,2),minus(plus(b(4,23),a(2,18)),x(22,9))),11),minus(30,a(x(30,x(22,30)),32))),11)))),f(x(18,23),x(x(11,18),plus(plus(4,23),23)))))),23))),22),plus(a(minus(b(minus(baz(minus(f(18,plus(18,33)),11),f(b(23,33),a(30,11))),a(2,minus(f(33,32),11))),x(pow(4,10),mult(y(32,23),a(y(10,33),32)))),minus(10,2)),mult(10,32)),4))),2))),32),mult(10,23)))))
x(a(mult,x),x(y,y(minus(f,a(baz,b(minus(mult(11,pow),a(x(minus(minus(a(15,minus),y(baz(pow(21,pow(9,a)),y(f(3,x(f(26,x(x(plus(11,b(f(15,4),plus(a(mult(11,minus(b(plus,26),41)),3),pow(f(x(plus(x(26,3),a(b(26,baz(21,b)),6)),3),a(pow(y(21,mult(15,mult(9,21))),26),9)),6)))),f(9,15)),f(11,50))),11)),26)),x(mult(mult(9,a(f(mult(minus(50,11),15),4),11)),a(x(3,x(baz(15,f(50,26)),baz(pow(baz(4,11),minus(y(baz(f(y(y(x(41,mult(9,plus(a(b(minus(b(baz(minus(minus(b(f(x(mult(50,69),4),pow(b(26,6),50)),50),mult(9,mult(4,50))),mult(f(minus(pow(b(4,3),plus(x(3,mult(mult(pow(21,4),3),26)),9)),50),4),4)),3),mult(50,3)),26),x(minus(50,6),11)),50),6))),11),6),y(b(minus(baz(4,baz(9,plus(50,41))),15),26),mult(50,plus(f(x(plus(4,15),minus(baz(26,3),9)),15),pow(mult(4,6),50))))),x(mult(plus(11,4),26),pow(a(minus(b(15,b(15,26)),plus(y(f(41,a(b(41,baz(a(6,y(41,f(baz(9,9),plus(baz(a(a(6,a(9,3)),11),minus(21,9)),pow(26,21))))),26)),11)),mult(15,y(minus(41,baz(3,4)),50))),mult(4,f(9,50)))),pow(4,9)),minus(4,3)))),mult(11,21)),x(pow(y(f(b(baz(3,3),y(41,50)),11),21),26),f(baz(x(a(y(f(f(4,plus(baz(15,pow(plus(15,pow(3,b(15,x(minus(21,b(15,21)),a(41,4))))),pow(mult(11,baz(3,6)),mult(pow(f(b(mult(baz(baz(50,21),26),minus(6,f(minus(15,3),y(f(baz(a(9,26),9),41),x(pow(pow(41,11),6),9))))),pow(11,3)),3),41),minus(pow(minus(y(11,50),mult(50,plus(3,3))),minus(9,3)),minus(x(15,15),b(b(4,4),26))))))),f(6,minus(6,a(41,minus(mult(11,plus(15,a(50,x(41,b(3,15))))),6)))))),11),minus(11,f(41,y(9,41)))),y(21,3)),3),f(x(15,a(minus(21,26),b(f(11,26),baz(f(21,mult(9,11)),11)))),4)),y(f(50,plus(x(x(pow(11,minus(3,50)),baz(11,9)),6),26)),21))))),9))),50)),b(b(26,3),6)))),f(plus(y(15,9),41),26)),y(minus(x(26,26),4),6)),6)),minus(plus(b(y(11,b(f(y(50,50),4),y(baz(pow(x(15,9),minus(9,f(41,15))),26),41))),pow(41,9)),26),x(21,266))))),9)))
aebs(ehch(aldx(cjdn(ezs(bbvr(dmkk,emfq),ceqm),clbw),aecd),eikp(dwvg(epxw,qzf(dgcx(crnw,ekhh),yck)),eyi(ajwt(detg(bfcy(ectd(bzve,hba),auab(bvav(dmbx,cctk(dims(cldx(lxx,ahme(cicm,bjtw)),dzoo(dmhc(alpf(dxip,dqgd(wcm(nra,aqtq(ebwf(cltb(ctnz,dbmr(cras(acjn,bgjc),atob(aybp(emgy,xyo),uoc))),eciy(blqk(azz(cdqm(agtk,dkps(arrj,dmtp(djds(dham,dfza(kem(hct,bekd(digk(apjo(cltk(cbgd(awda,bylt(blkz,bgjt)),ovb(bulx,dgxr(aayk,cwsb(ctbe,azzl)))),bwtu(aphc,cfi(dnny(aqzr,busp(aaqr(fbk,ehnf),bzdk)),bqqr(acyu(bkpa,ebca),asw)))),alaa(dxwx,crrg)),azei)),hra)),ebcb(ctmk,efia)))),edgy(arwm,bstr(zya(ype(jtn(adnz,elps),drcg(achk(drbc,cebc(advr,azip(cgjm,ayef(ddfo(abpe(mmo(cndk(alqg(dtbc,ldu(bvmn(acws(cxzj(dzab(amdf(bxsc,ahpv(tqs,cvzd)),dukd),dqvg),azzw(bbmv(rsv,pqe(aqi(bkkw,dwxn(cdpx(dqs(ckzq(cgkb(dnra,bmep),davh(dyfn(bhx,aefk),cphg)),cvqh),cret(dvbk(fng,evk),afpv)),ennt)),dtgb)),ekqa(dmry,cyds))),vro),bcts(aizo(bwtl,dwyz(osc,bvy(aqjw,ddvb))),cfmp(baxr,uss)))),edmp(dxph(mom,cje),beol)),dwhe(yfo(dgiw(bbhf,cass),dpmr(obf,ynm(cogi,dkff))),tte)),bdoi(bss,azaz(bvhu(dhju(atp(dnfh,ekhi(baq,celz)),awyw(apzh,kbd)),atzu(bacj,bnna(dljs(ewf,akrq),eafz))),bivr(asbj(buea(clnf,dwer(avom,atjs)),rhz),aqml(bepi,aeex(btcy(gjk,dqmr(hdz(dvrz,biy(buyl(eomz(awlr,cmeo(rzk,ciej)),clix),dgrz(dqkf(aenq(uxi,bnyl),bsfh),bkcl))),elqs)),dgor(aiaq,bzh(bolv(hci,qzz),yoz(dgyu(elce(bdby,xfx),bnmv),dykg))))))))),hhn(acqy,daal)),eorj)))),diuw)),cflc),alqb(egwi(bgsa(vpw,fdk),qvz(alhl(mnh(ducx(bick(xra(sue,dfjh(eiez(ctdd(ypp(aewl,csq(codm,ei)),arhf(aoap(avgy,cphm),ejdr)),aery(ctdh,bjio)),atlg)),bidf),bfus(abpg,amlr)),aecx),assi(ukd(asyc,dzwf(dprc,dsms(wbv(dvsd(bwys,bifc(seu,efpq)),wke(cnpc(dszw(der,abao),bcuq),epjr)),enmw))),dmlp)),bmnn)),mby(bfex(dvxa,buyr(tiz(cdqn,axud),bhzi(eanx,dqth))),bfym(adpi(akn,hcn),ahbi)))))),caal),akeb)),bumm)),brxp(bxvw(efxn,zno),cfnu))),eltz),dufg(cwbv,zev))),dago(btvo,asdz(cgsi,cuxk)))),ggy)),ajhn),cgyv),eepw(ice(duiw(dlqn,dxda(cewk,jfy(cdtt(czto,bkan),crnm(eohi,yzp)))),coyb),epiw(btyf,duok))))),vqr)
x(minus(y(y(y(b,b(x(pow,f(y,baz(6,y(a,plus(y(plus,minus(f,f(x,pow(x(b(minus(plus(19,baz(minus(baz(baz(baz,x(11,f(mult,19))),baz(9,f(11,x(b(9,6),17)))),plus(f(b(mult(6,minus(b(19,21),f(mult(31,minus(minus(21,6),plus(y(y(plus(a(9,x(17,x(b(pow(plus(17,plus(plus(b(b(11,minus),14),34),plus(31,baz(31,6)))),baz(19,f(34,9))),a(34,f(x(plus(pow(x(34,63),11),17),6),17))),x(63,31)))),pow(minus(21,19),19)),b(14,plus(34,63))),19),x(14,a(b(y(63,11),y(mult(f(plus(17,y(19,19)),11),minus(34,b(6,6))),mult(plus(pow(31,31),19),x(b(pow(11,b(63,19)),a(11,y(x(63,63),9))),minus(31,b(b(mult(31,14),minus(y(14,pow(plus(14,11),21)),baz(a(y(a(19,6),11),a(17,14)),plus(11,pow(minus(x(pow(x(a(f(21,y(19,mult(y(11,baz(mult(17,x(9,19)),11)),x(17,17)))),19),34),31),f(minus(34,pow(14,14)),11)),pow(pow(21,mult(plus(f(b(14,b(a(19,plus(plus(21,b(31,a(y(21,14),pow(baz(14,mult(y(plus(a(mult(x(17,mult(6,mult(21,x(plus(baz(19,pow(17,14)),19),pow(pow(31,17),11))))),14),minus(a(x(19,17),baz(pow(17,f(19,19)),x(b(21,34),b(34,mult(63,y(89,6)))))),17)),x(6,f(pow(9,17),34))),11),a(mult(17,21),6))),a(b(f(14,17),63),mult(21,19)))))),y(19,21))),63)),19),baz(31,19)),x(mult(34,b(63,mult(34,31))),34))),y(63,31))),17))))),63)))))),31))))),44))),baz(9,21)),9),a(b(34,34),plus(x(9,14),9)))),a(plus(31,17),y(19,34)))),9),11),pow(f(11,11),y(14,11))),19)))),x(17,21)))))),11)),plus(plus(a(11,19),17),mult(b(a(minus(a(31,x(minus(19,31),31)),9),21),a(19,baz(11,17))),a(pow(6,a(17,plus(mult(11,11),mult(x(63,x(b(f(63,baz(a(21,b(63,34)),b(31,9))),baz(31,14)),63)),pow(mult(9,f(21,y(14,plus(31,19)))),a(minus(11,11),baz(pow(a(11,b(34,mult(21,minus(34,6)))),63),9))))))),63)))),b(plus(31,baz(21,pow(9,b(minus(19,11),f(x(a(63,14),9),plus(plus(x(19,plus(mult(b(14,6),mult(6,y(21,pow(11,6)))),plus(238,pow(x(mult(201,34),minus(pow(63,x(6,6)),14)),17)))),19),31)))))),17)),mult(31,x(34,9))),minus(19,baz(34,31)))
